// Bun Snapshot v1, https://goo.gl/fbAQLP

exports[`generate enums 1`] = `
"export type OrderStatus = 
	 | "new"
	 | "paid"
	 | "cancelled"
export type OrderType = 
	 | "normal"
	 | "express"
export type ContemberClientEnums = {
	OrderStatus: OrderStatus
	orderType: OrderType
}

"
`;
